// Vitest Snapshot v1, https://vitest.dev/guide/snapshot.html

exports[`ScrollPagination > Mounted pure component 1`] = `""`;
